{"sessionId":"a778b4","runId":"post-fix","hypothesisId":"B","location":"ui_view_menu.c:259","message":"zoom key handler entry","data":{"keyval":104,"focusType":"GtkEntry","isEditable":1},"timestamp":0}
{"sessionId":"a778b4","runId":"post-fix","hypothesisId":"A","location":"tools_panel.c:591","message":"tool key handler entry","data":{"keyval":104,"focusType":"GtkEntry","isEditable":1,"isCellEditable":1},"timestamp":0}
{"sessionId":"a778b4","runId":"post-fix","hypothesisId":"B","location":"ui_view_menu.c:259","message":"zoom key handler entry","data":{"keyval":109,"focusType":"GtkEntry","isEditable":1},"timestamp":0}
{"sessionId":"a778b4","runId":"post-fix","hypothesisId":"A","location":"tools_panel.c:591","message":"tool key handler entry","data":{"keyval":109,"focusType":"GtkEntry","isEditable":1,"isCellEditable":1},"timestamp":0}
{"sessionId":"a778b4","runId":"post-fix","hypothesisId":"B","location":"ui_view_menu.c:259","message":"zoom key handler entry","data":{"keyval":98,"focusType":"GtkEntry","isEditable":1},"timestamp":0}
{"sessionId":"a778b4","runId":"post-fix","hypothesisId":"A","location":"tools_panel.c:591","message":"tool key handler entry","data":{"keyval":98,"focusType":"GtkEntry","isEditable":1,"isCellEditable":1},"timestamp":0}
{"sessionId":"a778b4","runId":"post-fix","hypothesisId":"B","location":"ui_view_menu.c:259","message":"zoom key handler entry","data":{"keyval":112,"focusType":"GtkEntry","isEditable":1},"timestamp":0}
{"sessionId":"a778b4","runId":"post-fix","hypothesisId":"A","location":"tools_panel.c:591","message":"tool key handler entry","data":{"keyval":112,"focusType":"GtkEntry","isEditable":1,"isCellEditable":1},"timestamp":0}
{"sessionId":"a778b4","runId":"post-fix","hypothesisId":"B","location":"ui_view_menu.c:259","message":"zoom key handler entry","data":{"keyval":122,"focusType":"GtkEntry","isEditable":1},"timestamp":0}
{"sessionId":"a778b4","runId":"post-fix","hypothesisId":"A","location":"tools_panel.c:591","message":"tool key handler entry","data":{"keyval":122,"focusType":"GtkEntry","isEditable":1,"isCellEditable":1},"timestamp":0}
{"sessionId":"a778b4","runId":"post-fix","hypothesisId":"B","location":"ui_view_menu.c:259","message":"zoom key handler entry","data":{"keyval":65457,"focusType":"GtkEntry","isEditable":1},"timestamp":0}
{"sessionId":"a778b4","runId":"post-fix","hypothesisId":"A","location":"tools_panel.c:591","message":"tool key handler entry","data":{"keyval":65457,"focusType":"GtkEntry","isEditable":1,"isCellEditable":1},"timestamp":0}
{"sessionId":"a778b4","runId":"post-fix","hypothesisId":"B","location":"ui_view_menu.c:259","message":"zoom key handler entry","data":{"keyval":65458,"focusType":"GtkEntry","isEditable":1},"timestamp":0}
{"sessionId":"a778b4","runId":"post-fix","hypothesisId":"A","location":"tools_panel.c:591","message":"tool key handler entry","data":{"keyval":65458,"focusType":"GtkEntry","isEditable":1,"isCellEditable":1},"timestamp":0}
{"sessionId":"a778b4","runId":"post-fix","hypothesisId":"B","location":"ui_view_menu.c:259","message":"zoom key handler entry","data":{"keyval":65459,"focusType":"GtkEntry","isEditable":1},"timestamp":0}
{"sessionId":"a778b4","runId":"post-fix","hypothesisId":"A","location":"tools_panel.c:591","message":"tool key handler entry","data":{"keyval":65459,"focusType":"GtkEntry","isEditable":1,"isCellEditable":1},"timestamp":0}
{"sessionId":"a778b4","runId":"post-fix","hypothesisId":"B","location":"ui_view_menu.c:259","message":"zoom key handler entry","data":{"keyval":65293,"focusType":"GtkEntry","isEditable":1},"timestamp":0}
{"sessionId":"a778b4","runId":"post-fix","hypothesisId":"A","location":"tools_panel.c:591","message":"tool key handler entry","data":{"keyval":65293,"focusType":"GtkEntry","isEditable":1,"isCellEditable":1},"timestamp":0}
{"sessionId":"a778b4","runId":"post-fix","hypothesisId":"B","location":"ui_view_menu.c:259","message":"zoom key handler entry","data":{"keyval":104,"focusType":"GtkEntry","isEditable":1},"timestamp":0}
{"sessionId":"a778b4","runId":"post-fix","hypothesisId":"A","location":"tools_panel.c:591","message":"tool key handler entry","data":{"keyval":104,"focusType":"GtkEntry","isEditable":1,"isCellEditable":1},"timestamp":0}
{"sessionId":"a778b4","runId":"post-fix","hypothesisId":"B","location":"ui_view_menu.c:259","message":"zoom key handler entry","data":{"keyval":109,"focusType":"GtkEntry","isEditable":1},"timestamp":0}
{"sessionId":"a778b4","runId":"post-fix","hypothesisId":"A","location":"tools_panel.c:591","message":"tool key handler entry","data":{"keyval":109,"focusType":"GtkEntry","isEditable":1,"isCellEditable":1},"timestamp":0}
{"sessionId":"a778b4","runId":"post-fix","hypothesisId":"B","location":"ui_view_menu.c:259","message":"zoom key handler entry","data":{"keyval":65307,"focusType":"GtkEntry","isEditable":1},"timestamp":0}
{"sessionId":"a778b4","runId":"post-fix","hypothesisId":"A","location":"tools_panel.c:591","message":"tool key handler entry","data":{"keyval":65307,"focusType":"GtkEntry","isEditable":1,"isCellEditable":1},"timestamp":0}
{"sessionId":"a778b4","runId":"post-fix","hypothesisId":"B","location":"ui_view_menu.c:259","message":"zoom key handler entry","data":{"keyval":65307,"focusType":"GtkTreeView","isEditable":0},"timestamp":0}
{"sessionId":"a778b4","runId":"post-fix","hypothesisId":"A","location":"tools_panel.c:591","message":"tool key handler entry","data":{"keyval":65307,"focusType":"GtkTreeView","isEditable":0,"isCellEditable":0},"timestamp":0}
{"sessionId":"a778b4","runId":"post-fix","hypothesisId":"B","location":"ui_view_menu.c:259","message":"zoom key handler entry","data":{"keyval":49,"focusType":"GtkTreeView","isEditable":0},"timestamp":0}
{"sessionId":"a778b4","runId":"post-fix","hypothesisId":"B","location":"ui_view_menu.c:259","message":"zoom key handler entry","data":{"keyval":50,"focusType":"GtkTreeView","isEditable":0},"timestamp":0}
{"sessionId":"a778b4","runId":"post-fix","hypothesisId":"B","location":"ui_view_menu.c:259","message":"zoom key handler entry","data":{"keyval":51,"focusType":"GtkDrawingArea","isEditable":0},"timestamp":0}
{"sessionId":"a778b4","runId":"post-fix","hypothesisId":"B","location":"ui_view_menu.c:259","message":"zoom key handler entry","data":{"keyval":109,"focusType":"GtkDrawingArea","isEditable":0},"timestamp":0}
{"sessionId":"a778b4","runId":"post-fix","hypothesisId":"A","location":"tools_panel.c:591","message":"tool key handler entry","data":{"keyval":109,"focusType":"GtkDrawingArea","isEditable":0,"isCellEditable":0},"timestamp":0}
{"sessionId":"a778b4","runId":"post-fix","hypothesisId":"B","location":"ui_view_menu.c:259","message":"zoom key handler entry","data":{"keyval":110,"focusType":"GtkDrawingArea","isEditable":0},"timestamp":0}
{"sessionId":"a778b4","runId":"post-fix","hypothesisId":"A","location":"tools_panel.c:591","message":"tool key handler entry","data":{"keyval":110,"focusType":"GtkDrawingArea","isEditable":0,"isCellEditable":0},"timestamp":0}
{"sessionId":"a778b4","runId":"post-fix","hypothesisId":"B","location":"ui_view_menu.c:259","message":"zoom key handler entry","data":{"keyval":122,"focusType":"GtkDrawingArea","isEditable":0},"timestamp":0}
{"sessionId":"a778b4","runId":"post-fix","hypothesisId":"A","location":"tools_panel.c:591","message":"tool key handler entry","data":{"keyval":122,"focusType":"GtkDrawingArea","isEditable":0,"isCellEditable":0},"timestamp":0}
{"sessionId":"a778b4","runId":"post-fix","hypothesisId":"B","location":"ui_view_menu.c:259","message":"zoom key handler entry","data":{"keyval":99,"focusType":"GtkDrawingArea","isEditable":0},"timestamp":0}
{"sessionId":"a778b4","runId":"post-fix","hypothesisId":"A","location":"tools_panel.c:591","message":"tool key handler entry","data":{"keyval":99,"focusType":"GtkDrawingArea","isEditable":0,"isCellEditable":0},"timestamp":0}
{"sessionId":"a778b4","runId":"post-fix","hypothesisId":"B","location":"ui_view_menu.c:259","message":"zoom key handler entry","data":{"keyval":49,"focusType":"GtkDrawingArea","isEditable":0},"timestamp":0}
